../BSP/ov7670/ov7670.c:278:6:OV7670_Init	32	static
../BSP/ov7670/ov7670.c:360:6:OV7670_Start	8	static,ignoring_inline_asm
../BSP/ov7670/ov7670.c:390:6:OV7670_Stop	8	static,ignoring_inline_asm
../BSP/ov7670/ov7670.c:407:6:OV7670_RegisterCallback	16	static
../BSP/ov7670/ov7670.c:430:9:OV7670_isDriverBusy	24	static,ignoring_inline_asm
../BSP/ov7670/ov7670.c:451:6:HAL_DCMI_VsyncEventCallback	16	static
../BSP/ov7670/ov7670.c:475:6:HAL_DCMI_FrameEventCallback	24	static
../BSP/ov7670/ov7670.c:609:26:SCCB_Write	40	static
../BSP/ov7670/ov7670.c:622:26:SCCB_Read	32	static
../BSP/ov7670/ov7670.c:638:19:ov7670_write	16	static
../BSP/ov7670/ov7670.c:643:19:ov7670_read	16	static
../BSP/ov7670/ov7670.c:648:16:isFrameCaptured	16	static,ignoring_inline_asm
