../BSP/AS7265X/SparkFun_AS7265X.cpp:32:1:AS7265X::AS7265X()	16	static
../BSP/AS7265X/SparkFun_AS7265X.cpp:39:9:bool AS7265X::begin(I2C_HandleTypeDef*)	24	static
../BSP/AS7265X/SparkFun_AS7265X.cpp:74:9:uint8_t AS7265X::getDeviceType()	16	static
../BSP/AS7265X/SparkFun_AS7265X.cpp:78:9:uint8_t AS7265X::getHardwareVersion()	16	static
../BSP/AS7265X/SparkFun_AS7265X.cpp:83:9:uint8_t AS7265X::getMajorFirmwareVersion()	16	static
../BSP/AS7265X/SparkFun_AS7265X.cpp:91:9:uint8_t AS7265X::getPatchFirmwareVersion()	16	static
../BSP/AS7265X/SparkFun_AS7265X.cpp:99:9:uint8_t AS7265X::getBuildFirmwareVersion()	16	static
../BSP/AS7265X/SparkFun_AS7265X.cpp:108:9:bool AS7265X::isConnected()	16	static
../BSP/AS7265X/SparkFun_AS7265X.cpp:117:6:void AS7265X::takeMeasurements()	24	static
../BSP/AS7265X/SparkFun_AS7265X.cpp:134:6:void AS7265X::takeMeasurementsWithBulb()	16	static
../BSP/AS7265X/SparkFun_AS7265X.cpp:148:10:uint16_t AS7265X::getG()	16	static
../BSP/AS7265X/SparkFun_AS7265X.cpp:152:10:uint16_t AS7265X::getH()	16	static
../BSP/AS7265X/SparkFun_AS7265X.cpp:156:10:uint16_t AS7265X::getI()	16	static
../BSP/AS7265X/SparkFun_AS7265X.cpp:160:10:uint16_t AS7265X::getJ()	16	static
../BSP/AS7265X/SparkFun_AS7265X.cpp:164:10:uint16_t AS7265X::getK()	16	static
../BSP/AS7265X/SparkFun_AS7265X.cpp:168:10:uint16_t AS7265X::getL()	16	static
../BSP/AS7265X/SparkFun_AS7265X.cpp:174:10:uint16_t AS7265X::getR()	16	static
../BSP/AS7265X/SparkFun_AS7265X.cpp:178:10:uint16_t AS7265X::getS()	16	static
../BSP/AS7265X/SparkFun_AS7265X.cpp:182:10:uint16_t AS7265X::getT()	16	static
../BSP/AS7265X/SparkFun_AS7265X.cpp:186:10:uint16_t AS7265X::getU()	16	static
../BSP/AS7265X/SparkFun_AS7265X.cpp:190:10:uint16_t AS7265X::getV()	16	static
../BSP/AS7265X/SparkFun_AS7265X.cpp:194:10:uint16_t AS7265X::getW()	16	static
../BSP/AS7265X/SparkFun_AS7265X.cpp:200:10:uint16_t AS7265X::getA()	16	static
../BSP/AS7265X/SparkFun_AS7265X.cpp:204:10:uint16_t AS7265X::getB()	16	static
../BSP/AS7265X/SparkFun_AS7265X.cpp:208:10:uint16_t AS7265X::getC()	16	static
../BSP/AS7265X/SparkFun_AS7265X.cpp:212:10:uint16_t AS7265X::getD()	16	static
../BSP/AS7265X/SparkFun_AS7265X.cpp:216:10:uint16_t AS7265X::getE()	16	static
../BSP/AS7265X/SparkFun_AS7265X.cpp:220:10:uint16_t AS7265X::getF()	16	static
../BSP/AS7265X/SparkFun_AS7265X.cpp:226:10:uint16_t AS7265X::getChannel(uint8_t, uint8_t)	24	static
../BSP/AS7265X/SparkFun_AS7265X.cpp:235:7:float AS7265X::getCalibratedA()	16	static
../BSP/AS7265X/SparkFun_AS7265X.cpp:239:7:float AS7265X::getCalibratedB()	16	static
../BSP/AS7265X/SparkFun_AS7265X.cpp:243:7:float AS7265X::getCalibratedC()	16	static
../BSP/AS7265X/SparkFun_AS7265X.cpp:247:7:float AS7265X::getCalibratedD()	16	static
../BSP/AS7265X/SparkFun_AS7265X.cpp:251:7:float AS7265X::getCalibratedE()	16	static
../BSP/AS7265X/SparkFun_AS7265X.cpp:255:7:float AS7265X::getCalibratedF()	16	static
../BSP/AS7265X/SparkFun_AS7265X.cpp:261:7:float AS7265X::getCalibratedG()	16	static
../BSP/AS7265X/SparkFun_AS7265X.cpp:265:7:float AS7265X::getCalibratedH()	16	static
../BSP/AS7265X/SparkFun_AS7265X.cpp:269:7:float AS7265X::getCalibratedI()	16	static
../BSP/AS7265X/SparkFun_AS7265X.cpp:273:7:float AS7265X::getCalibratedJ()	16	static
../BSP/AS7265X/SparkFun_AS7265X.cpp:277:7:float AS7265X::getCalibratedK()	16	static
../BSP/AS7265X/SparkFun_AS7265X.cpp:281:7:float AS7265X::getCalibratedL()	16	static
../BSP/AS7265X/SparkFun_AS7265X.cpp:286:7:float AS7265X::getCalibratedR()	16	static
../BSP/AS7265X/SparkFun_AS7265X.cpp:290:7:float AS7265X::getCalibratedS()	16	static
../BSP/AS7265X/SparkFun_AS7265X.cpp:294:7:float AS7265X::getCalibratedT()	16	static
../BSP/AS7265X/SparkFun_AS7265X.cpp:298:7:float AS7265X::getCalibratedU()	16	static
../BSP/AS7265X/SparkFun_AS7265X.cpp:302:7:float AS7265X::getCalibratedV()	16	static
../BSP/AS7265X/SparkFun_AS7265X.cpp:306:7:float AS7265X::getCalibratedW()	16	static
../BSP/AS7265X/SparkFun_AS7265X.cpp:312:7:float AS7265X::getCalibratedValue(uint8_t, uint8_t)	24	static
../BSP/AS7265X/SparkFun_AS7265X.cpp:333:7:float AS7265X::convertBytesToFloat(uint32_t)	24	static
../BSP/AS7265X/SparkFun_AS7265X.cpp:344:6:void AS7265X::setMeasurementMode(uint8_t)	24	static
../BSP/AS7265X/SparkFun_AS7265X.cpp:361:6:void AS7265X::setGain(uint8_t)	24	static
../BSP/AS7265X/SparkFun_AS7265X.cpp:376:6:void AS7265X::setIntegrationCycles(uint8_t)	16	static
../BSP/AS7265X/SparkFun_AS7265X.cpp:382:6:void AS7265X::enableInterrupt()	24	static
../BSP/AS7265X/SparkFun_AS7265X.cpp:391:6:void AS7265X::disableInterrupt()	24	static
../BSP/AS7265X/SparkFun_AS7265X.cpp:400:9:bool AS7265X::dataAvailable()	24	static
../BSP/AS7265X/SparkFun_AS7265X.cpp:407:6:void AS7265X::enableBulb(uint8_t)	24	static
../BSP/AS7265X/SparkFun_AS7265X.cpp:418:6:void AS7265X::disableBulb(uint8_t)	24	static
../BSP/AS7265X/SparkFun_AS7265X.cpp:433:6:void AS7265X::setBulbCurrent(uint8_t, uint8_t)	24	static
../BSP/AS7265X/SparkFun_AS7265X.cpp:447:6:void AS7265X::selectDevice(uint8_t)	16	static
../BSP/AS7265X/SparkFun_AS7265X.cpp:460:6:void AS7265X::enableIndicator()	24	static
../BSP/AS7265X/SparkFun_AS7265X.cpp:472:6:void AS7265X::disableIndicator()	24	static
../BSP/AS7265X/SparkFun_AS7265X.cpp:484:6:void AS7265X::setIndicatorCurrent(uint8_t)	24	static
../BSP/AS7265X/SparkFun_AS7265X.cpp:499:9:uint8_t AS7265X::getTemperature(uint8_t)	16	static
../BSP/AS7265X/SparkFun_AS7265X.cpp:506:7:float AS7265X::getTemperatureAverage()	24	static
../BSP/AS7265X/SparkFun_AS7265X.cpp:518:6:void AS7265X::softReset()	24	static
../BSP/AS7265X/SparkFun_AS7265X.cpp:527:9:uint8_t AS7265X::virtualReadRegister(uint8_t)	32	static
../BSP/AS7265X/SparkFun_AS7265X.cpp:570:6:void AS7265X::virtualWriteRegister(uint8_t, uint8_t)	24	static
../BSP/AS7265X/SparkFun_AS7265X.cpp:606:9:uint8_t AS7265X::readRegister(uint8_t)	32	static
../BSP/AS7265X/SparkFun_AS7265X.cpp:624:9:bool AS7265X::writeRegister(uint8_t, uint8_t)	32	static
