../BSP/TFT_LCD/ili9341.c:274:6:ili9341_DisplayOn	16	static
../BSP/TFT_LCD/ili9341.c:286:6:ili9341_DisplayOff	16	static
../BSP/TFT_LCD/ili9341.c:298:10:ili9341_GetLcdPixelWidth	4	static
../BSP/TFT_LCD/ili9341.c:309:10:ili9341_GetLcdPixelHeight	4	static
../BSP/TFT_LCD/ili9341.c:320:10:ili9341_ReadID	24	static
../BSP/TFT_LCD/ili9341.c:328:6:ili9341_Init	16	static
../BSP/TFT_LCD/ili9341.c:401:6:ili9341_SetCursor	32	static
../BSP/TFT_LCD/ili9341.c:414:6:ili9341_WritePixel	32	static
../BSP/TFT_LCD/ili9341.c:432:10:ili9341_ReadPixel	40	static
../BSP/TFT_LCD/ili9341.c:454:6:ili9341_SetDisplayWindow	40	static
../BSP/TFT_LCD/ili9341.c:469:6:ili9341_DrawHLine	40	static
../BSP/TFT_LCD/ili9341.c:489:6:ili9341_DrawVLine	40	static
../BSP/TFT_LCD/ili9341.c:510:6:ili9341_FillRect	40	static
../BSP/TFT_LCD/ili9341.c:530:6:ili9341_DrawBitmap	40	static
../BSP/TFT_LCD/ili9341.c:562:6:ili9341_DrawRGBImage	32	static
../BSP/TFT_LCD/ili9341.c:584:6:ili9341_ReadRGBImage	32	static
../BSP/TFT_LCD/ili9341.c:603:6:ili9341_Scroll	48	static
../BSP/TFT_LCD/ili9341.c:675:6:ili9341_UserCommand	32	static
