../BSP/TFT_LCD/stm32_adafruit_lcd.c:125:9:BSP_LCD_Init	16	static
../BSP/TFT_LCD/stm32_adafruit_lcd.c:152:10:BSP_LCD_GetXSize	8	static
../BSP/TFT_LCD/stm32_adafruit_lcd.c:162:10:BSP_LCD_GetYSize	8	static
../BSP/TFT_LCD/stm32_adafruit_lcd.c:172:10:BSP_LCD_GetTextColor	4	static
../BSP/TFT_LCD/stm32_adafruit_lcd.c:182:10:BSP_LCD_GetBackColor	4	static
../BSP/TFT_LCD/stm32_adafruit_lcd.c:192:6:BSP_LCD_SetTextColor	16	static
../BSP/TFT_LCD/stm32_adafruit_lcd.c:202:6:BSP_LCD_SetBackColor	16	static
../BSP/TFT_LCD/stm32_adafruit_lcd.c:212:6:BSP_LCD_SetFont	16	static
../BSP/TFT_LCD/stm32_adafruit_lcd.c:222:8:BSP_LCD_GetFont	4	static
../BSP/TFT_LCD/stm32_adafruit_lcd.c:232:6:BSP_LCD_Clear	32	static
../BSP/TFT_LCD/stm32_adafruit_lcd.c:246:6:BSP_LCD_ClearStringLine	32	static
../BSP/TFT_LCD/stm32_adafruit_lcd.c:266:6:BSP_LCD_DisplayChar	16	static
../BSP/TFT_LCD/stm32_adafruit_lcd.c:285:6:BSP_LCD_DisplayStringOnMultilayerChar	88	static
../BSP/TFT_LCD/stm32_adafruit_lcd.c:404:6:BSP_LCD_DisplayStringAt	48	static
../BSP/TFT_LCD/stm32_adafruit_lcd.c:465:6:BSP_LCD_DisplayStringAtLine	16	static
../BSP/TFT_LCD/stm32_adafruit_lcd.c:477:6:BSP_LCD_DrawPixel	16	static
../BSP/TFT_LCD/stm32_adafruit_lcd.c:489:6:BSP_LCD_DrawHLine	24	static
../BSP/TFT_LCD/stm32_adafruit_lcd.c:501:6:BSP_LCD_DrawVLine	24	static
../BSP/TFT_LCD/stm32_adafruit_lcd.c:514:6:BSP_LCD_DrawLine	56	static
../BSP/TFT_LCD/stm32_adafruit_lcd.c:589:6:BSP_LCD_DrawRect	24	static
../BSP/TFT_LCD/stm32_adafruit_lcd.c:607:6:BSP_LCD_DrawCircle	32	static
../BSP/TFT_LCD/stm32_adafruit_lcd.c:647:6:BSP_LCD_DrawPolygon	32	static
../BSP/TFT_LCD/stm32_adafruit_lcd.c:675:6:BSP_LCD_DrawEllipse	56	static
../BSP/TFT_LCD/stm32_adafruit_lcd.c:708:6:BSP_LCD_DrawBitmap	24	static
../BSP/TFT_LCD/stm32_adafruit_lcd.c:732:6:BSP_LCD_FillRect	32	static
../BSP/TFT_LCD/stm32_adafruit_lcd.c:744:6:BSP_LCD_FillCircle	32	static
../BSP/TFT_LCD/stm32_adafruit_lcd.c:791:6:BSP_LCD_FillPolygon	64	static
../BSP/TFT_LCD/stm32_adafruit_lcd.c:859:6:BSP_LCD_FillEllipse	56	static
../BSP/TFT_LCD/stm32_adafruit_lcd.c:890:6:BSP_LCD_DisplayOn	8	static
../BSP/TFT_LCD/stm32_adafruit_lcd.c:900:6:BSP_LCD_DisplayOff	8	static
../BSP/TFT_LCD/stm32_adafruit_lcd.c:916:13:DrawChar	56	static
../BSP/TFT_LCD/stm32_adafruit_lcd.c:976:6:BSP_LCD_FillTriangle	72	static
../BSP/TFT_LCD/stm32_adafruit_lcd.c:1065:13:SetDisplayWindow	24	static
../BSP/TFT_LCD/stm32_adafruit_lcd.c:1075:10:BSP_LCD_ReadID	8	static
../BSP/TFT_LCD/stm32_adafruit_lcd.c:1086:10:BSP_LCD_ReadPixel	16	static
../BSP/TFT_LCD/stm32_adafruit_lcd.c:1100:6:BSP_LCD_DrawRGB16Image	32	static
../BSP/TFT_LCD/stm32_adafruit_lcd.c:1114:6:BSP_LCD_ReadRGB16Image	32	static
../BSP/TFT_LCD/stm32_adafruit_lcd.c:1126:6:BSP_LCD_Scroll	16	static
../BSP/TFT_LCD/stm32_adafruit_lcd.c:1138:6:BSP_LCD_DataWrite8	32	static
../BSP/TFT_LCD/stm32_adafruit_lcd.c:1142:6:BSP_LCD_DataWrite16	32	static
../BSP/TFT_LCD/stm32_adafruit_lcd.c:1146:6:BSP_LCD_DataRead8	32	static
../BSP/TFT_LCD/stm32_adafruit_lcd.c:1150:6:BSP_LCD_DataRead16	32	static
